Archive member included because of file (symbol)

../arduino--/libarduino++.a(arduino++.o)
                              blink.o (_ZN7Arduino6millisEv)
/usr/local/Cellar/avr-gcc/4.6.1/lib/gcc/avr/4.6.1/avr5/libgcc.a(_exit.o)
                              /usr/local/avr/avr/lib/avr5/crtm328p.o (exit)
/usr/local/Cellar/avr-gcc/4.6.1/lib/gcc/avr/4.6.1/avr5/libgcc.a(_copy_data.o)
                              blink.o (__do_copy_data)
/usr/local/Cellar/avr-gcc/4.6.1/lib/gcc/avr/4.6.1/avr5/libgcc.a(_clear_bss.o)
                              blink.o (__do_clear_bss)

Memory Configuration

Name             Origin             Length             Attributes
text             0x0000000000000000 0x0000000000020000 xr
data             0x0000000000800060 0x000000000000ffa0 rw !x
eeprom           0x0000000000810000 0x0000000000010000 rw !x
*default*        0x0000000000000000 0xffffffffffffffff

Linker script and memory map

Address of section .data set to 0x800100
LOAD /usr/local/avr/avr/lib/avr5/crtm328p.o
LOAD blink.o
LOAD ../arduino--/libarduino++.a
LOAD /usr/local/Cellar/avr-gcc/4.6.1/lib/gcc/avr/4.6.1/avr5/libgcc.a
LOAD /usr/local/avr/avr/lib/avr5/libc.a
LOAD /usr/local/Cellar/avr-gcc/4.6.1/lib/gcc/avr/4.6.1/avr5/libgcc.a

.hash
 *(.hash)

.dynsym
 *(.dynsym)

.dynstr
 *(.dynstr)

.gnu.version
 *(.gnu.version)

.gnu.version_d
 *(.gnu.version_d)

.gnu.version_r
 *(.gnu.version_r)

.rel.init
 *(.rel.init)

.rela.init
 *(.rela.init)

.rel.text
 *(.rel.text)
 *(.rel.text.*)
 *(.rel.gnu.linkonce.t*)

.rela.text
 *(.rela.text)
 *(.rela.text.*)
 *(.rela.gnu.linkonce.t*)

.rel.fini
 *(.rel.fini)

.rela.fini
 *(.rela.fini)

.rel.rodata
 *(.rel.rodata)
 *(.rel.rodata.*)
 *(.rel.gnu.linkonce.r*)

.rela.rodata
 *(.rela.rodata)
 *(.rela.rodata.*)
 *(.rela.gnu.linkonce.r*)

.rel.data
 *(.rel.data)
 *(.rel.data.*)
 *(.rel.gnu.linkonce.d*)

.rela.data
 *(.rela.data)
 *(.rela.data.*)
 *(.rela.gnu.linkonce.d*)

.rel.ctors
 *(.rel.ctors)

.rela.ctors
 *(.rela.ctors)

.rel.dtors
 *(.rel.dtors)

.rela.dtors
 *(.rela.dtors)

.rel.got
 *(.rel.got)

.rela.got
 *(.rela.got)

.rel.bss
 *(.rel.bss)

.rela.bss
 *(.rela.bss)

.rel.plt
 *(.rel.plt)

.rela.plt
 *(.rela.plt)

.text           0x0000000000000000      0x304
 *(.vectors)
 .vectors       0x0000000000000000       0x68 /usr/local/avr/avr/lib/avr5/crtm328p.o
                0x0000000000000000                __vectors
                0x0000000000000000                __vector_default
 *(.vectors)
 *(.progmem.gcc*)
 *(.progmem*)
                0x0000000000000068                . = ALIGN (0x2)
                0x0000000000000068                __trampolines_start = .
 *(.trampolines)
 .trampolines   0x0000000000000068        0x0 linker stubs
 *(.trampolines*)
                0x0000000000000068                __trampolines_end = .
 *(.jumptables)
 *(.jumptables*)
 *(.lowtext)
 *(.lowtext*)
                0x0000000000000068                __ctors_start = .
 *(.ctors)
                0x0000000000000068                __ctors_end = .
                0x0000000000000068                __dtors_start = .
 *(.dtors)
                0x0000000000000068                __dtors_end = .
 SORT(*)(.ctors)
 SORT(*)(.dtors)
 *(.init0)
 .init0         0x0000000000000068        0x0 /usr/local/avr/avr/lib/avr5/crtm328p.o
                0x0000000000000068                __init
 *(.init0)
 *(.init1)
 *(.init1)
 *(.init2)
 .init2         0x0000000000000068        0xc /usr/local/avr/avr/lib/avr5/crtm328p.o
 *(.init2)
 *(.init3)
 *(.init3)
 *(.init4)
 .init4         0x0000000000000074       0x16 /usr/local/Cellar/avr-gcc/4.6.1/lib/gcc/avr/4.6.1/avr5/libgcc.a(_copy_data.o)
                0x0000000000000074                __do_copy_data
 .init4         0x000000000000008a       0x10 /usr/local/Cellar/avr-gcc/4.6.1/lib/gcc/avr/4.6.1/avr5/libgcc.a(_clear_bss.o)
                0x000000000000008a                __do_clear_bss
 *(.init4)
 *(.init5)
 *(.init5)
 *(.init6)
 *(.init6)
 *(.init7)
 *(.init7)
 *(.init8)
 *(.init8)
 *(.init9)
 .init9         0x000000000000009a        0x8 /usr/local/avr/avr/lib/avr5/crtm328p.o
 *(.init9)
 *(.text)
 .text          0x00000000000000a2        0x4 /usr/local/avr/avr/lib/avr5/crtm328p.o
                0x00000000000000a2                __vector_20
                0x00000000000000a2                __vector_1
                0x00000000000000a2                __vector_24
                0x00000000000000a2                __vector_12
                0x00000000000000a2                __bad_interrupt
                0x00000000000000a2                __vector_6
                0x00000000000000a2                __vector_3
                0x00000000000000a2                __vector_23
                0x00000000000000a2                __vector_25
                0x00000000000000a2                __vector_11
                0x00000000000000a2                __vector_13
                0x00000000000000a2                __vector_17
                0x00000000000000a2                __vector_19
                0x00000000000000a2                __vector_7
                0x00000000000000a2                __vector_5
                0x00000000000000a2                __vector_4
                0x00000000000000a2                __vector_9
                0x00000000000000a2                __vector_2
                0x00000000000000a2                __vector_21
                0x00000000000000a2                __vector_15
                0x00000000000000a2                __vector_8
                0x00000000000000a2                __vector_14
                0x00000000000000a2                __vector_10
                0x00000000000000a2                __vector_18
                0x00000000000000a2                __vector_22
 .text          0x00000000000000a6        0x0 blink.o
 .text          0x00000000000000a6      0x228 ../arduino--/libarduino++.a(arduino++.o)
                0x00000000000000a6                __vector_16
                0x00000000000001be                _ZN7Arduino6millisEv
                0x00000000000001e2                _ZN7Arduino6microsEv
                0x0000000000000240                _ZN7Arduino17delayMicrosecondsEj
                0x000000000000025a                _ZN7Arduino4initEv
 .text          0x00000000000002ce        0x0 /usr/local/Cellar/avr-gcc/4.6.1/lib/gcc/avr/4.6.1/avr5/libgcc.a(_exit.o)
 .text          0x00000000000002ce        0x0 /usr/local/Cellar/avr-gcc/4.6.1/lib/gcc/avr/4.6.1/avr5/libgcc.a(_copy_data.o)
 .text          0x00000000000002ce        0x0 /usr/local/Cellar/avr-gcc/4.6.1/lib/gcc/avr/4.6.1/avr5/libgcc.a(_clear_bss.o)
                0x00000000000002ce                . = ALIGN (0x2)
 *(.text.*)
 .text.startup  0x00000000000002ce       0x32 blink.o
                0x00000000000002ce                main
 .text.libgcc   0x0000000000000300        0x0 /usr/local/Cellar/avr-gcc/4.6.1/lib/gcc/avr/4.6.1/avr5/libgcc.a(_exit.o)
 .text.libgcc   0x0000000000000300        0x0 /usr/local/Cellar/avr-gcc/4.6.1/lib/gcc/avr/4.6.1/avr5/libgcc.a(_copy_data.o)
 .text.libgcc   0x0000000000000300        0x0 /usr/local/Cellar/avr-gcc/4.6.1/lib/gcc/avr/4.6.1/avr5/libgcc.a(_clear_bss.o)
                0x0000000000000300                . = ALIGN (0x2)
 *(.fini9)
 .fini9         0x0000000000000300        0x0 /usr/local/Cellar/avr-gcc/4.6.1/lib/gcc/avr/4.6.1/avr5/libgcc.a(_exit.o)
                0x0000000000000300                exit
                0x0000000000000300                _exit
 *(.fini9)
 *(.fini8)
 *(.fini8)
 *(.fini7)
 *(.fini7)
 *(.fini6)
 *(.fini6)
 *(.fini5)
 *(.fini5)
 *(.fini4)
 *(.fini4)
 *(.fini3)
 *(.fini3)
 *(.fini2)
 *(.fini2)
 *(.fini1)
 *(.fini1)
 *(.fini0)
 .fini0         0x0000000000000300        0x4 /usr/local/Cellar/avr-gcc/4.6.1/lib/gcc/avr/4.6.1/avr5/libgcc.a(_exit.o)
 *(.fini0)
                0x0000000000000304                _etext = .

.data           0x0000000000800100        0x0 load address 0x0000000000000304
                0x0000000000800100                PROVIDE (__data_start, .)
 *(.data)
 .data          0x0000000000800100        0x0 /usr/local/avr/avr/lib/avr5/crtm328p.o
 .data          0x0000000000800100        0x0 blink.o
 .data          0x0000000000800100        0x0 ../arduino--/libarduino++.a(arduino++.o)
 .data          0x0000000000800100        0x0 /usr/local/Cellar/avr-gcc/4.6.1/lib/gcc/avr/4.6.1/avr5/libgcc.a(_exit.o)
 .data          0x0000000000800100        0x0 /usr/local/Cellar/avr-gcc/4.6.1/lib/gcc/avr/4.6.1/avr5/libgcc.a(_copy_data.o)
 .data          0x0000000000800100        0x0 /usr/local/Cellar/avr-gcc/4.6.1/lib/gcc/avr/4.6.1/avr5/libgcc.a(_clear_bss.o)
 *(.data*)
 *(.rodata)
 *(.rodata*)
 *(.gnu.linkonce.d*)
                0x0000000000800100                . = ALIGN (0x2)
                0x0000000000800100                _edata = .
                0x0000000000800100                PROVIDE (__data_end, .)

.bss            0x0000000000800100        0xe
                0x0000000000800100                PROVIDE (__bss_start, .)
 *(.bss)
 .bss           0x0000000000800100        0x0 /usr/local/avr/avr/lib/avr5/crtm328p.o
 .bss           0x0000000000800100        0x0 blink.o
 .bss           0x0000000000800100        0xe ../arduino--/libarduino++.a(arduino++.o)
                0x0000000000800100                timer0_overflow
                0x0000000000800102                _ZN7Arduino13timer0_millisE
                0x0000000000800106                _ZN7Arduino19timer0_clock_cyclesE
                0x000000000080010a                _ZN7Arduino21timer0_overflow_countE
 .bss           0x000000000080010e        0x0 /usr/local/Cellar/avr-gcc/4.6.1/lib/gcc/avr/4.6.1/avr5/libgcc.a(_exit.o)
 .bss           0x000000000080010e        0x0 /usr/local/Cellar/avr-gcc/4.6.1/lib/gcc/avr/4.6.1/avr5/libgcc.a(_copy_data.o)
 .bss           0x000000000080010e        0x0 /usr/local/Cellar/avr-gcc/4.6.1/lib/gcc/avr/4.6.1/avr5/libgcc.a(_clear_bss.o)
 *(.bss*)
 *(COMMON)
                0x000000000080010e                PROVIDE (__bss_end, .)
                0x0000000000000304                __data_load_start = LOADADDR (.data)
                0x0000000000000304                __data_load_end = (__data_load_start + SIZEOF (.data))

.noinit         0x000000000080010e        0x0
                0x000000000080010e                PROVIDE (__noinit_start, .)
 *(.noinit*)
                0x000000000080010e                PROVIDE (__noinit_end, .)
                0x000000000080010e                _end = .
                0x000000000080010e                PROVIDE (__heap_start, .)

.eeprom         0x0000000000810000        0x0
 *(.eeprom*)
                0x0000000000810000                __eeprom_end = .

.stab           0x0000000000000000      0x6cc
 *(.stab)
 .stab          0x0000000000000000      0x6cc /usr/local/avr/avr/lib/avr5/crtm328p.o

.stabstr        0x0000000000000000       0x82
 *(.stabstr)
 .stabstr       0x0000000000000000       0x82 /usr/local/avr/avr/lib/avr5/crtm328p.o

.stab.excl
 *(.stab.excl)

.stab.exclstr
 *(.stab.exclstr)

.stab.index
 *(.stab.index)

.stab.indexstr
 *(.stab.indexstr)

.comment
 *(.comment)

.debug
 *(.debug)

.line
 *(.line)

.debug_srcinfo
 *(.debug_srcinfo .zdebug_srcinfo)

.debug_sfnames
 *(.debug_sfnames .zdebug_sfnames)

.debug_aranges  0x0000000000000000       0xa0
 *(.debug_aranges .zdebug_aranges)
 .debug_aranges
                0x0000000000000000       0x20 blink.o
 .debug_aranges
                0x0000000000000020       0x20 ../arduino--/libarduino++.a(arduino++.o)
 .debug_aranges
                0x0000000000000040       0x20 /usr/local/Cellar/avr-gcc/4.6.1/lib/gcc/avr/4.6.1/avr5/libgcc.a(_exit.o)
 .debug_aranges
                0x0000000000000060       0x20 /usr/local/Cellar/avr-gcc/4.6.1/lib/gcc/avr/4.6.1/avr5/libgcc.a(_copy_data.o)
 .debug_aranges
                0x0000000000000080       0x20 /usr/local/Cellar/avr-gcc/4.6.1/lib/gcc/avr/4.6.1/avr5/libgcc.a(_clear_bss.o)

.debug_pubnames
 *(.debug_pubnames .zdebug_pubnames)

.debug_info     0x0000000000000000      0x588
 *(.debug_info .gnu.linkonce.wi.* .zdebug_info)
 .debug_info    0x0000000000000000      0x182 blink.o
 .debug_info    0x0000000000000182      0x22f ../arduino--/libarduino++.a(arduino++.o)
 .debug_info    0x00000000000003b1       0x9d /usr/local/Cellar/avr-gcc/4.6.1/lib/gcc/avr/4.6.1/avr5/libgcc.a(_exit.o)
 .debug_info    0x000000000000044e       0x9d /usr/local/Cellar/avr-gcc/4.6.1/lib/gcc/avr/4.6.1/avr5/libgcc.a(_copy_data.o)
 .debug_info    0x00000000000004eb       0x9d /usr/local/Cellar/avr-gcc/4.6.1/lib/gcc/avr/4.6.1/avr5/libgcc.a(_clear_bss.o)

.debug_abbrev   0x0000000000000000      0x2a6
 *(.debug_abbrev .zdebug_abbrev)
 .debug_abbrev  0x0000000000000000      0x11e blink.o
 .debug_abbrev  0x000000000000011e      0x14c ../arduino--/libarduino++.a(arduino++.o)
 .debug_abbrev  0x000000000000026a       0x14 /usr/local/Cellar/avr-gcc/4.6.1/lib/gcc/avr/4.6.1/avr5/libgcc.a(_exit.o)
 .debug_abbrev  0x000000000000027e       0x14 /usr/local/Cellar/avr-gcc/4.6.1/lib/gcc/avr/4.6.1/avr5/libgcc.a(_copy_data.o)
 .debug_abbrev  0x0000000000000292       0x14 /usr/local/Cellar/avr-gcc/4.6.1/lib/gcc/avr/4.6.1/avr5/libgcc.a(_clear_bss.o)

.debug_line     0x0000000000000000      0x279
 *(.debug_line .zdebug_line)
 .debug_line    0x0000000000000000       0x8e blink.o
 .debug_line    0x000000000000008e       0xbf ../arduino--/libarduino++.a(arduino++.o)
 .debug_line    0x000000000000014d       0x5f /usr/local/Cellar/avr-gcc/4.6.1/lib/gcc/avr/4.6.1/avr5/libgcc.a(_exit.o)
 .debug_line    0x00000000000001ac       0x68 /usr/local/Cellar/avr-gcc/4.6.1/lib/gcc/avr/4.6.1/avr5/libgcc.a(_copy_data.o)
 .debug_line    0x0000000000000214       0x65 /usr/local/Cellar/avr-gcc/4.6.1/lib/gcc/avr/4.6.1/avr5/libgcc.a(_clear_bss.o)

.debug_frame    0x0000000000000000       0xe8
 *(.debug_frame .zdebug_frame)
 .debug_frame   0x0000000000000000       0x24 blink.o
 .debug_frame   0x0000000000000024       0xc4 ../arduino--/libarduino++.a(arduino++.o)

.debug_str      0x0000000000000000      0x286
 *(.debug_str .zdebug_str)
 .debug_str     0x0000000000000000      0x10e blink.o
                                        0x142 (size before relaxing)
 .debug_str     0x000000000000010e      0x178 ../arduino--/libarduino++.a(arduino++.o)
                                        0x204 (size before relaxing)

.debug_loc      0x0000000000000000      0x1ec
 *(.debug_loc .zdebug_loc)
 .debug_loc     0x0000000000000000      0x1ec ../arduino--/libarduino++.a(arduino++.o)

.debug_macinfo
 *(.debug_macinfo .zdebug_macinfo)
OUTPUT(blink.elf elf32-avr)
LOAD linker stubs

.debug_ranges   0x0000000000000000       0x10
 .debug_ranges  0x0000000000000000       0x10 blink.o
